Archive member included to satisfy reference by file (symbol)

../rfid_test_bsp/\libhal_bsp.a(alt_load.o)
                              ../rfid_test_bsp//obj/HAL/src/crt0.o (alt_load)
../rfid_test_bsp/\libhal_bsp.a(alt_main.o)
                              ../rfid_test_bsp//obj/HAL/src/crt0.o (alt_main)
../rfid_test_bsp/\libhal_bsp.a(alt_sys_init.o)
                              ../rfid_test_bsp/\libhal_bsp.a(alt_main.o) (alt_irq_init)
../rfid_test_bsp/\libhal_bsp.a(altera_avalon_jtag_uart_fd.o)
                              ../rfid_test_bsp/\libhal_bsp.a(alt_sys_init.o) (altera_avalon_jtag_uart_read_fd)
../rfid_test_bsp/\libhal_bsp.a(altera_avalon_jtag_uart_read.o)
                              ../rfid_test_bsp/\libhal_bsp.a(altera_avalon_jtag_uart_fd.o) (altera_avalon_jtag_uart_read)
../rfid_test_bsp/\libhal_bsp.a(altera_avalon_jtag_uart_write.o)
                              ../rfid_test_bsp/\libhal_bsp.a(altera_avalon_jtag_uart_fd.o) (altera_avalon_jtag_uart_write)
../rfid_test_bsp/\libhal_bsp.a(alt_close.o)
                              ../rfid_test_bsp/\libhal_bsp.a(alt_main.o) (close)
../rfid_test_bsp/\libhal_bsp.a(alt_dcache_flush_all.o)
                              ../rfid_test_bsp/\libhal_bsp.a(alt_load.o) (alt_dcache_flush_all)
../rfid_test_bsp/\libhal_bsp.a(alt_dev.o)
                              ../rfid_test_bsp/\libhal_bsp.a(alt_sys_init.o) (alt_dev_list)
../rfid_test_bsp/\libhal_bsp.a(alt_dev_llist_insert.o)
                              ../rfid_test_bsp/\libhal_bsp.a(alt_sys_init.o) (alt_dev_llist_insert)
../rfid_test_bsp/\libhal_bsp.a(alt_do_ctors.o)
                              ../rfid_test_bsp/\libhal_bsp.a(alt_main.o) (_do_ctors)
../rfid_test_bsp/\libhal_bsp.a(alt_do_dtors.o)
                              ../rfid_test_bsp/\libhal_bsp.a(alt_main.o) (_do_dtors)
../rfid_test_bsp/\libhal_bsp.a(alt_errno.o)
                              ../rfid_test_bsp/\libhal_bsp.a(alt_close.o) (alt_errno)
../rfid_test_bsp/\libhal_bsp.a(alt_icache_flush_all.o)
                              ../rfid_test_bsp/\libhal_bsp.a(alt_load.o) (alt_icache_flush_all)
../rfid_test_bsp/\libhal_bsp.a(alt_release_fd.o)
                              ../rfid_test_bsp/\libhal_bsp.a(alt_close.o) (alt_release_fd)
../rfid_test_bsp/\libhal_bsp.a(altera_nios2_gen2_irq.o)
                              ../rfid_test_bsp/\libhal_bsp.a(alt_sys_init.o) (altera_nios2_gen2_irq_init)
../rfid_test_bsp/\libhal_bsp.a(alt_icache_flush.o)
                              ../rfid_test_bsp/\libhal_bsp.a(alt_icache_flush_all.o) (alt_icache_flush)
c:/intelfpga_lite/18.1/nios2eds/bin/gnu/h-x86_64-mingw32/bin/../lib/gcc/nios2-elf/5.3.0/../../../../../H-x86_64-mingw32/nios2-elf/lib\libsmallc.a(lib_a-atexit.o)
                              ../rfid_test_bsp/\libhal_bsp.a(alt_main.o) (atexit)
c:/intelfpga_lite/18.1/nios2eds/bin/gnu/h-x86_64-mingw32/bin/../lib/gcc/nios2-elf/5.3.0/../../../../../H-x86_64-mingw32/nios2-elf/lib\libsmallc.a(lib_a-exit.o)
                              ../rfid_test_bsp/\libhal_bsp.a(alt_main.o) (exit)
c:/intelfpga_lite/18.1/nios2eds/bin/gnu/h-x86_64-mingw32/bin/../lib/gcc/nios2-elf/5.3.0/../../../../../H-x86_64-mingw32/nios2-elf/lib\libsmallc.a(lib_a-int_errno.o)
                              ../rfid_test_bsp/\libhal_bsp.a(alt_close.o) (errno)
c:/intelfpga_lite/18.1/nios2eds/bin/gnu/h-x86_64-mingw32/bin/../lib/gcc/nios2-elf/5.3.0/../../../../../H-x86_64-mingw32/nios2-elf/lib\libsmallc.a(lib_a-__atexit.o)
                              c:/intelfpga_lite/18.1/nios2eds/bin/gnu/h-x86_64-mingw32/bin/../lib/gcc/nios2-elf/5.3.0/../../../../../H-x86_64-mingw32/nios2-elf/lib\libsmallc.a(lib_a-atexit.o) (__register_exitproc)
c:/intelfpga_lite/18.1/nios2eds/bin/gnu/h-x86_64-mingw32/bin/../lib/gcc/nios2-elf/5.3.0/../../../../../H-x86_64-mingw32/nios2-elf/lib\libsmallc.a(lib_a-__call_atexit.o)
                              c:/intelfpga_lite/18.1/nios2eds/bin/gnu/h-x86_64-mingw32/bin/../lib/gcc/nios2-elf/5.3.0/../../../../../H-x86_64-mingw32/nios2-elf/lib\libsmallc.a(lib_a-exit.o) (__call_exitprocs)
c:/intelfpga_lite/18.1/nios2eds/bin/gnu/h-x86_64-mingw32/bin/../lib/gcc/nios2-elf/5.3.0/../../../../../H-x86_64-mingw32/nios2-elf/lib\libsmallc.a(lib_a-impure.o)
                              c:/intelfpga_lite/18.1/nios2eds/bin/gnu/h-x86_64-mingw32/bin/../lib/gcc/nios2-elf/5.3.0/../../../../../H-x86_64-mingw32/nios2-elf/lib\libsmallc.a(lib_a-__atexit.o) (_global_impure_ptr)
../rfid_test_bsp/\libhal_bsp.a(alt_exit.o)
                              c:/intelfpga_lite/18.1/nios2eds/bin/gnu/h-x86_64-mingw32/bin/../lib/gcc/nios2-elf/5.3.0/../../../../../H-x86_64-mingw32/nios2-elf/lib\libsmallc.a(lib_a-exit.o) (_exit)

Allocating common symbols
Common symbol       size              file

errno               0x4               c:/intelfpga_lite/18.1/nios2eds/bin/gnu/h-x86_64-mingw32/bin/../lib/gcc/nios2-elf/5.3.0/../../../../../H-x86_64-mingw32/nios2-elf/lib\libsmallc.a(lib_a-int_errno.o)
crc_table           0x200             obj/default/helpers/crc.o
command_ack         0xc               obj/default/hello_world.o

Memory Configuration

Name             Origin             Length             Attributes
reset            0x0000000000020000 0x0000000000000020
onchip_memory2_0 0x0000000000020020 0x000000000001c1e0
*default*        0x0000000000000000 0xffffffffffffffff

Linker script and memory map

LOAD ../rfid_test_bsp//obj/HAL/src/crt0.o
LOAD obj/default/hello_world.o
LOAD obj/default/helpers/commands/ack.o
LOAD obj/default/helpers/commands/kill.o
LOAD obj/default/helpers/commands/lock.o
LOAD obj/default/helpers/commands/nak.o
LOAD obj/default/helpers/commands/query.o
LOAD obj/default/helpers/commands/query_adjust.o
LOAD obj/default/helpers/commands/query_rep.o
LOAD obj/default/helpers/commands/read.o
LOAD obj/default/helpers/commands/req_rn.o
LOAD obj/default/helpers/commands/rn16.o
LOAD obj/default/helpers/commands/select.o
LOAD obj/default/helpers/commands/write.o
LOAD obj/default/helpers/crc.o
LOAD c:/intelfpga_lite/18.1/nios2eds/bin/gnu/h-x86_64-mingw32/bin/../lib/gcc/nios2-elf/5.3.0/../../../../../H-x86_64-mingw32/nios2-elf/lib\libstdc++.a
LOAD c:/intelfpga_lite/18.1/nios2eds/bin/gnu/h-x86_64-mingw32/bin/../lib/gcc/nios2-elf/5.3.0/../../../../../H-x86_64-mingw32/nios2-elf/lib\libm.a
LOAD c:/intelfpga_lite/18.1/nios2eds/bin/gnu/h-x86_64-mingw32/bin/../lib/gcc/nios2-elf/5.3.0\libgcc.a
START GROUP
LOAD c:/intelfpga_lite/18.1/nios2eds/bin/gnu/h-x86_64-mingw32/bin/../lib/gcc/nios2-elf/5.3.0/../../../../../H-x86_64-mingw32/nios2-elf/lib\libsmallc.a
LOAD c:/intelfpga_lite/18.1/nios2eds/bin/gnu/h-x86_64-mingw32/bin/../lib/gcc/nios2-elf/5.3.0\libgcc.a
LOAD ../rfid_test_bsp/\libhal_bsp.a
LOAD c:/intelfpga_lite/18.1/nios2eds/bin/gnu/h-x86_64-mingw32/bin/../lib/gcc/nios2-elf/5.3.0/../../../../../H-x86_64-mingw32/nios2-elf/lib\libm.a
END GROUP
LOAD c:/intelfpga_lite/18.1/nios2eds/bin/gnu/h-x86_64-mingw32/bin/../lib/gcc/nios2-elf/5.3.0\libgcc.a
                0x0000000000020000                __alt_mem_onchip_memory2_0 = 0x20000

.entry          0x0000000000020000       0x20
 *(.entry)
 .entry         0x0000000000020000       0x20 ../rfid_test_bsp//obj/HAL/src/crt0.o
                0x0000000000020000                __reset

.exceptions     0x0000000000020020        0x0
                0x0000000000020020                PROVIDE (__ram_exceptions_start, ABSOLUTE (.))
                0x0000000000020020                . = ALIGN (0x20)
 *(.irq)
 *(.exceptions.entry.label)
 *(.exceptions.entry.user)
 *(.exceptions.entry.ecc_fatal)
 *(.exceptions.entry)
 *(.exceptions.irqtest.user)
 *(.exceptions.irqtest)
 *(.exceptions.irqhandler.user)
 *(.exceptions.irqhandler)
 *(.exceptions.irqreturn.user)
 *(.exceptions.irqreturn)
 *(.exceptions.notirq.label)
 *(.exceptions.notirq.user)
 *(.exceptions.notirq)
 *(.exceptions.soft.user)
 *(.exceptions.soft)
 *(.exceptions.unknown.user)
 *(.exceptions.unknown)
 *(.exceptions.exit.label)
 *(.exceptions.exit.user)
 *(.exceptions.exit)
 *(.exceptions)
                0x0000000000020020                PROVIDE (__ram_exceptions_end, ABSOLUTE (.))
                0x0000000000020020                PROVIDE (__flash_exceptions_start, LOADADDR (.exceptions))

.text           0x0000000000020020     0x2344
                [!provide]                        PROVIDE (stext, ABSOLUTE (.))
 *(.interp)
 *(.hash)
 *(.dynsym)
 *(.dynstr)
 *(.gnu.version)
 *(.gnu.version_d)
 *(.gnu.version_r)
 *(.rel.init)
 *(.rela.init)
 *(.rel.text .rel.text.* .rel.gnu.linkonce.t.*)
 *(.rela.text .rela.text.* .rela.gnu.linkonce.t.*)
 *(.rel.fini)
 *(.rela.fini)
 *(.rel.rodata .rel.rodata.* .rel.gnu.linkonce.r.*)
 *(.rela.rodata .rela.rodata.* .rela.gnu.linkonce.r.*)
 *(.rel.data .rel.data.* .rel.gnu.linkonce.d.*)
 *(.rela.data .rela.data.* .rela.gnu.linkonce.d.*)
 *(.rel.tdata .rel.tdata.* .rel.gnu.linkonce.td.*)
 *(.rela.tdata .rela.tdata.* .rela.gnu.linkonce.td.*)
 *(.rel.tbss .rel.tbss.* .rel.gnu.linkonce.tb.*)
 *(.rela.tbss .rela.tbss.* .rela.gnu.linkonce.tb.*)
 *(.rel.ctors)
 *(.rela.ctors)
 *(.rel.dtors)
 *(.rela.dtors)
 *(.rel.got)
 *(.rela.got)
 *(.rel.sdata .rel.sdata.* .rel.gnu.linkonce.s.*)
 *(.rela.sdata .rela.sdata.* .rela.gnu.linkonce.s.*)
 *(.rel.sbss .rel.sbss.* .rel.gnu.linkonce.sb.*)
 *(.rela.sbss .rela.sbss.* .rela.gnu.linkonce.sb.*)
 *(.rel.sdata2 .rel.sdata2.* .rel.gnu.linkonce.s2.*)
 *(.rela.sdata2 .rela.sdata2.* .rela.gnu.linkonce.s2.*)
 *(.rel.sbss2 .rel.sbss2.* .rel.gnu.linkonce.sb2.*)
 *(.rela.sbss2 .rela.sbss2.* .rela.gnu.linkonce.sb2.*)
 *(.rel.bss .rel.bss.* .rel.gnu.linkonce.b.*)
 *(.rela.bss .rela.bss.* .rela.gnu.linkonce.b.*)
 *(.rel.plt)
 *(.rela.plt)
 *(.rel.dyn)
 *(.init)
 *(.plt)
 *(.text .stub .text.* .gnu.linkonce.t.*)
 .text          0x0000000000020020       0x1c ../rfid_test_bsp//obj/HAL/src/crt0.o
                0x0000000000020020                _start
 .text          0x000000000002003c      0x358 obj/default/hello_world.o
                0x000000000002003c                int_to_int
                0x00000000000200a8                send_package
                0x0000000000020308                main
 .text          0x0000000000020394      0x11c obj/default/helpers/commands/ack.o
                0x0000000000020394                ack_init
                0x00000000000203e4                ack_build
                0x0000000000020454                ack_validate
 .text          0x00000000000204b0      0x170 obj/default/helpers/commands/kill.o
                0x00000000000204b0                kill_init
                0x0000000000020538                kill_build
 .text          0x0000000000020620      0x130 obj/default/helpers/commands/lock.o
                0x0000000000020620                lock_init
                0x0000000000020694                lock_build
 .text          0x0000000000020750       0xd4 obj/default/helpers/commands/nak.o
                0x0000000000020750                nak_init
                0x000000000002078c                nak_build
                0x00000000000207c0                nak_validate
 .text          0x0000000000020824      0x310 obj/default/helpers/commands/query.o
                0x0000000000020824                query_init
                0x00000000000208ec                query_build
                0x0000000000020a90                query_validate
 .text          0x0000000000020b34       0xf8 obj/default/helpers/commands/query_adjust.o
                0x0000000000020b34                query_adjust_init
                0x0000000000020b98                query_adjust_command
 .text          0x0000000000020c2c       0xc0 obj/default/helpers/commands/query_rep.o
                0x0000000000020c2c                query_rep_init
                0x0000000000020c78                query_rep_build
 .text          0x0000000000020cec      0x1b0 obj/default/helpers/commands/read.o
                0x0000000000020cec                read_init
                0x0000000000020d8c                read_build
 .text          0x0000000000020e9c      0x2b0 obj/default/helpers/commands/req_rn.o
                0x0000000000020e9c                req_rn_init
                0x0000000000020ef8                req_rn_build
                0x0000000000021050                req_rn_validate
 .text          0x000000000002114c       0x20 obj/default/helpers/commands/rn16.o
                0x000000000002114c                rn16_generate
 .text          0x000000000002116c      0x25c obj/default/helpers/commands/select.o
                0x000000000002116c                select_init
                0x0000000000021244                select_build
 .text          0x00000000000213c8      0x1b0 obj/default/helpers/commands/write.o
                0x00000000000213c8                write_init
                0x0000000000021468                write_build
 .text          0x0000000000021578      0x200 obj/default/helpers/crc.o
                0x0000000000021578                crc_16_ccitt_init
                0x0000000000021644                crc_16_ccitt
                0x00000000000216ec                crc5
 .text          0x0000000000021778       0xec ../rfid_test_bsp/\libhal_bsp.a(alt_load.o)
                0x00000000000217e0                alt_load
 .text          0x0000000000021864       0x60 ../rfid_test_bsp/\libhal_bsp.a(alt_main.o)
                0x0000000000021864                alt_main
 .text          0x00000000000218c4       0xa4 ../rfid_test_bsp/\libhal_bsp.a(alt_sys_init.o)
                0x00000000000218f8                alt_irq_init
                0x0000000000021930                alt_sys_init
 .text          0x0000000000021968       0xc0 ../rfid_test_bsp/\libhal_bsp.a(altera_avalon_jtag_uart_fd.o)
                0x0000000000021968                altera_avalon_jtag_uart_read_fd
                0x00000000000219c8                altera_avalon_jtag_uart_write_fd
 .text          0x0000000000021a28       0xec ../rfid_test_bsp/\libhal_bsp.a(altera_avalon_jtag_uart_read.o)
                0x0000000000021a28                altera_avalon_jtag_uart_read
 .text          0x0000000000021b14       0x94 ../rfid_test_bsp/\libhal_bsp.a(altera_avalon_jtag_uart_write.o)
                0x0000000000021b14                altera_avalon_jtag_uart_write
 .text          0x0000000000021ba8      0x10c ../rfid_test_bsp/\libhal_bsp.a(alt_close.o)
                0x0000000000021be4                close
 .text          0x0000000000021cb4       0x48 ../rfid_test_bsp/\libhal_bsp.a(alt_dcache_flush_all.o)
                0x0000000000021cb4                alt_dcache_flush_all
 .text          0x0000000000021cfc       0x2c ../rfid_test_bsp/\libhal_bsp.a(alt_dev.o)
 .text          0x0000000000021d28       0xe0 ../rfid_test_bsp/\libhal_bsp.a(alt_dev_llist_insert.o)
                0x0000000000021d64                alt_dev_llist_insert
 .text          0x0000000000021e08       0x60 ../rfid_test_bsp/\libhal_bsp.a(alt_do_ctors.o)
                0x0000000000021e08                _do_ctors
 .text          0x0000000000021e68       0x60 ../rfid_test_bsp/\libhal_bsp.a(alt_do_dtors.o)
                0x0000000000021e68                _do_dtors
 .text          0x0000000000021ec8        0x0 ../rfid_test_bsp/\libhal_bsp.a(alt_errno.o)
 .text          0x0000000000021ec8       0x34 ../rfid_test_bsp/\libhal_bsp.a(alt_icache_flush_all.o)
                0x0000000000021ec8                alt_icache_flush_all
 .text          0x0000000000021efc       0x64 ../rfid_test_bsp/\libhal_bsp.a(alt_release_fd.o)
                0x0000000000021efc                alt_release_fd
 .text          0x0000000000021f60       0x24 ../rfid_test_bsp/\libhal_bsp.a(altera_nios2_gen2_irq.o)
                0x0000000000021f60                altera_nios2_gen2_irq_init
 .text          0x0000000000021f84       0x90 ../rfid_test_bsp/\libhal_bsp.a(alt_icache_flush.o)
                0x0000000000021f84                alt_icache_flush
 .text          0x0000000000022014        0x0 c:/intelfpga_lite/18.1/nios2eds/bin/gnu/h-x86_64-mingw32/bin/../lib/gcc/nios2-elf/5.3.0/../../../../../H-x86_64-mingw32/nios2-elf/lib\libsmallc.a(lib_a-atexit.o)
 .text.atexit   0x0000000000022014       0x14 c:/intelfpga_lite/18.1/nios2eds/bin/gnu/h-x86_64-mingw32/bin/../lib/gcc/nios2-elf/5.3.0/../../../../../H-x86_64-mingw32/nios2-elf/lib\libsmallc.a(lib_a-atexit.o)
                0x0000000000022014                atexit
 .text          0x0000000000022028        0x0 c:/intelfpga_lite/18.1/nios2eds/bin/gnu/h-x86_64-mingw32/bin/../lib/gcc/nios2-elf/5.3.0/../../../../../H-x86_64-mingw32/nios2-elf/lib\libsmallc.a(lib_a-exit.o)
 .text.exit     0x0000000000022028       0x20 c:/intelfpga_lite/18.1/nios2eds/bin/gnu/h-x86_64-mingw32/bin/../lib/gcc/nios2-elf/5.3.0/../../../../../H-x86_64-mingw32/nios2-elf/lib\libsmallc.a(lib_a-exit.o)
                0x0000000000022028                exit
 .text          0x0000000000022048        0x0 c:/intelfpga_lite/18.1/nios2eds/bin/gnu/h-x86_64-mingw32/bin/../lib/gcc/nios2-elf/5.3.0/../../../../../H-x86_64-mingw32/nios2-elf/lib\libsmallc.a(lib_a-int_errno.o)
 .text          0x0000000000022048        0x0 c:/intelfpga_lite/18.1/nios2eds/bin/gnu/h-x86_64-mingw32/bin/../lib/gcc/nios2-elf/5.3.0/../../../../../H-x86_64-mingw32/nios2-elf/lib\libsmallc.a(lib_a-__atexit.o)
 .text.__register_exitproc
                0x0000000000022048      0x158 c:/intelfpga_lite/18.1/nios2eds/bin/gnu/h-x86_64-mingw32/bin/../lib/gcc/nios2-elf/5.3.0/../../../../../H-x86_64-mingw32/nios2-elf/lib\libsmallc.a(lib_a-__atexit.o)
                0x0000000000022048                __register_exitproc
 .text          0x00000000000221a0        0x0 c:/intelfpga_lite/18.1/nios2eds/bin/gnu/h-x86_64-mingw32/bin/../lib/gcc/nios2-elf/5.3.0/../../../../../H-x86_64-mingw32/nios2-elf/lib\libsmallc.a(lib_a-__call_atexit.o)
 .text.__call_exitprocs
                0x00000000000221a0      0x190 c:/intelfpga_lite/18.1/nios2eds/bin/gnu/h-x86_64-mingw32/bin/../lib/gcc/nios2-elf/5.3.0/../../../../../H-x86_64-mingw32/nios2-elf/lib\libsmallc.a(lib_a-__call_atexit.o)
                0x00000000000221a0                __call_exitprocs
 .text          0x0000000000022330        0x0 c:/intelfpga_lite/18.1/nios2eds/bin/gnu/h-x86_64-mingw32/bin/../lib/gcc/nios2-elf/5.3.0/../../../../../H-x86_64-mingw32/nios2-elf/lib\libsmallc.a(lib_a-impure.o)
 .text          0x0000000000022330       0x34 ../rfid_test_bsp/\libhal_bsp.a(alt_exit.o)
                0x0000000000022330                _exit
 *(.gnu.warning.*)
 *(.fini)
                [!provide]                        PROVIDE (__etext, ABSOLUTE (.))
                [!provide]                        PROVIDE (_etext, ABSOLUTE (.))
                [!provide]                        PROVIDE (etext, ABSOLUTE (.))
 *(.eh_frame_hdr)
                0x0000000000022364                . = ALIGN (0x4)
                [!provide]                        PROVIDE (__preinit_array_start, ABSOLUTE (.))
 *(.preinit_array)
                [!provide]                        PROVIDE (__preinit_array_end, ABSOLUTE (.))
                [!provide]                        PROVIDE (__init_array_start, ABSOLUTE (.))
 *(.init_array)
                [!provide]                        PROVIDE (__init_array_end, ABSOLUTE (.))
                [!provide]                        PROVIDE (__fini_array_start, ABSOLUTE (.))
 *(.fini_array)
                [!provide]                        PROVIDE (__fini_array_end, ABSOLUTE (.))
 *(.eh_frame)
 *(.gcc_except_table .gcc_except_table.*)
 *(.dynamic)
                0x0000000000022364                PROVIDE (__CTOR_LIST__, ABSOLUTE (.))
 *(.ctors)
 *(SORT(.ctors.*))
                0x0000000000022364                PROVIDE (__CTOR_END__, ABSOLUTE (.))
                0x0000000000022364                PROVIDE (__DTOR_LIST__, ABSOLUTE (.))
 *(.dtors)
 *(SORT(.dtors.*))
                0x0000000000022364                PROVIDE (__DTOR_END__, ABSOLUTE (.))
 *(.jcr)
                0x0000000000022364                . = ALIGN (0x4)

.rodata         0x0000000000022364       0x20
                0x0000000000022364                PROVIDE (__ram_rodata_start, ABSOLUTE (.))
                0x0000000000022364                . = ALIGN (0x4)
 *(.rodata .rodata.* .gnu.linkonce.r.*)
 .rodata        0x0000000000022364       0x11 ../rfid_test_bsp/\libhal_bsp.a(alt_sys_init.o)
 *fill*         0x0000000000022375        0x3 
 .rodata        0x0000000000022378        0xa ../rfid_test_bsp/\libhal_bsp.a(alt_dev.o)
 *(.rodata1)
                0x0000000000022384                . = ALIGN (0x4)
 *fill*         0x0000000000022382        0x2 
                0x0000000000022384                PROVIDE (__ram_rodata_end, ABSOLUTE (.))
                0x0000000000022364                PROVIDE (__flash_rodata_start, LOADADDR (.rodata))

.rwdata         0x0000000000022384      0x2d8 load address 0x000000000002265c
                0x0000000000022384                PROVIDE (__ram_rwdata_start, ABSOLUTE (.))
                0x0000000000022384                . = ALIGN (0x4)
 *(.got.plt)
 *(.got)
 *(.data1)
 *(.data .data.* .gnu.linkonce.d.*)
 .data          0x0000000000022384        0x0 ../rfid_test_bsp//obj/HAL/src/crt0.o
 .data          0x0000000000022384        0x0 obj/default/hello_world.o
 .data          0x0000000000022384        0x0 obj/default/helpers/commands/ack.o
 .data          0x0000000000022384        0x0 obj/default/helpers/commands/kill.o
 .data          0x0000000000022384        0x0 obj/default/helpers/commands/lock.o
 .data          0x0000000000022384        0x0 obj/default/helpers/commands/nak.o
 .data          0x0000000000022384        0x0 obj/default/helpers/commands/query.o
 .data          0x0000000000022384        0x0 obj/default/helpers/commands/query_adjust.o
 .data          0x0000000000022384        0x0 obj/default/helpers/commands/query_rep.o
 .data          0x0000000000022384        0x0 obj/default/helpers/commands/read.o
 .data          0x0000000000022384        0x0 obj/default/helpers/commands/req_rn.o
 .data          0x0000000000022384        0x0 obj/default/helpers/commands/rn16.o
 .data          0x0000000000022384        0x0 obj/default/helpers/commands/select.o
 .data          0x0000000000022384        0x0 obj/default/helpers/commands/write.o
 .data          0x0000000000022384        0x0 obj/default/helpers/crc.o
 .data          0x0000000000022384        0x0 ../rfid_test_bsp/\libhal_bsp.a(alt_load.o)
 .data          0x0000000000022384        0x0 ../rfid_test_bsp/\libhal_bsp.a(alt_main.o)
 .data          0x0000000000022384       0x2c ../rfid_test_bsp/\libhal_bsp.a(alt_sys_init.o)
 .data          0x00000000000223b0        0x0 ../rfid_test_bsp/\libhal_bsp.a(altera_avalon_jtag_uart_fd.o)
 .data          0x00000000000223b0        0x0 ../rfid_test_bsp/\libhal_bsp.a(altera_avalon_jtag_uart_read.o)
 .data          0x00000000000223b0        0x0 ../rfid_test_bsp/\libhal_bsp.a(altera_avalon_jtag_uart_write.o)
 .data          0x00000000000223b0        0x0 ../rfid_test_bsp/\libhal_bsp.a(alt_close.o)
 .data          0x00000000000223b0        0x0 ../rfid_test_bsp/\libhal_bsp.a(alt_dcache_flush_all.o)
 .data          0x00000000000223b0      0x1a8 ../rfid_test_bsp/\libhal_bsp.a(alt_dev.o)
                0x00000000000223b0                alt_dev_null
                0x00000000000223d8                alt_fd_list
 .data          0x0000000000022558        0x0 ../rfid_test_bsp/\libhal_bsp.a(alt_dev_llist_insert.o)
 .data          0x0000000000022558        0x0 ../rfid_test_bsp/\libhal_bsp.a(alt_do_ctors.o)
 .data          0x0000000000022558        0x0 ../rfid_test_bsp/\libhal_bsp.a(alt_do_dtors.o)
 .data          0x0000000000022558        0x0 ../rfid_test_bsp/\libhal_bsp.a(alt_errno.o)
 .data          0x0000000000022558        0x0 ../rfid_test_bsp/\libhal_bsp.a(alt_icache_flush_all.o)
 .data          0x0000000000022558        0x0 ../rfid_test_bsp/\libhal_bsp.a(alt_release_fd.o)
 .data          0x0000000000022558        0x0 ../rfid_test_bsp/\libhal_bsp.a(altera_nios2_gen2_irq.o)
 .data          0x0000000000022558        0x0 ../rfid_test_bsp/\libhal_bsp.a(alt_icache_flush.o)
 .data          0x0000000000022558        0x0 c:/intelfpga_lite/18.1/nios2eds/bin/gnu/h-x86_64-mingw32/bin/../lib/gcc/nios2-elf/5.3.0/../../../../../H-x86_64-mingw32/nios2-elf/lib\libsmallc.a(lib_a-atexit.o)
 .data          0x0000000000022558        0x0 c:/intelfpga_lite/18.1/nios2eds/bin/gnu/h-x86_64-mingw32/bin/../lib/gcc/nios2-elf/5.3.0/../../../../../H-x86_64-mingw32/nios2-elf/lib\libsmallc.a(lib_a-exit.o)
 .data          0x0000000000022558        0x0 c:/intelfpga_lite/18.1/nios2eds/bin/gnu/h-x86_64-mingw32/bin/../lib/gcc/nios2-elf/5.3.0/../../../../../H-x86_64-mingw32/nios2-elf/lib\libsmallc.a(lib_a-int_errno.o)
 .data          0x0000000000022558        0x0 c:/intelfpga_lite/18.1/nios2eds/bin/gnu/h-x86_64-mingw32/bin/../lib/gcc/nios2-elf/5.3.0/../../../../../H-x86_64-mingw32/nios2-elf/lib\libsmallc.a(lib_a-__atexit.o)
 .data          0x0000000000022558        0x0 c:/intelfpga_lite/18.1/nios2eds/bin/gnu/h-x86_64-mingw32/bin/../lib/gcc/nios2-elf/5.3.0/../../../../../H-x86_64-mingw32/nios2-elf/lib\libsmallc.a(lib_a-__call_atexit.o)
 .data          0x0000000000022558        0x0 c:/intelfpga_lite/18.1/nios2eds/bin/gnu/h-x86_64-mingw32/bin/../lib/gcc/nios2-elf/5.3.0/../../../../../H-x86_64-mingw32/nios2-elf/lib\libsmallc.a(lib_a-impure.o)
 .data.impure_data
                0x0000000000022558       0xe0 c:/intelfpga_lite/18.1/nios2eds/bin/gnu/h-x86_64-mingw32/bin/../lib/gcc/nios2-elf/5.3.0/../../../../../H-x86_64-mingw32/nios2-elf/lib\libsmallc.a(lib_a-impure.o)
 .data          0x0000000000022638        0x0 ../rfid_test_bsp/\libhal_bsp.a(alt_exit.o)
                0x000000000002a638                _gp = ABSOLUTE ((. + 0x8000))
                [!provide]                        PROVIDE (gp, _gp)
 *(.rwdata .rwdata.*)
 *(.sdata .sdata.* .gnu.linkonce.s.*)
 .sdata         0x0000000000022638        0x4 obj/default/hello_world.o
                0x0000000000022638                tari_test
 .sdata         0x000000000002263c       0x14 ../rfid_test_bsp/\libhal_bsp.a(alt_dev.o)
                0x000000000002263c                alt_fs_list
                0x0000000000022644                alt_dev_list
                0x000000000002264c                alt_max_fd
 .sdata         0x0000000000022650        0x4 ../rfid_test_bsp/\libhal_bsp.a(alt_errno.o)
                0x0000000000022650                alt_errno
 .sdata._global_impure_ptr
                0x0000000000022654        0x4 c:/intelfpga_lite/18.1/nios2eds/bin/gnu/h-x86_64-mingw32/bin/../lib/gcc/nios2-elf/5.3.0/../../../../../H-x86_64-mingw32/nios2-elf/lib\libsmallc.a(lib_a-impure.o)
                0x0000000000022654                _global_impure_ptr
 .sdata._impure_ptr
                0x0000000000022658        0x4 c:/intelfpga_lite/18.1/nios2eds/bin/gnu/h-x86_64-mingw32/bin/../lib/gcc/nios2-elf/5.3.0/../../../../../H-x86_64-mingw32/nios2-elf/lib\libsmallc.a(lib_a-impure.o)
                0x0000000000022658                _impure_ptr
 *(.sdata2 .sdata2.* .gnu.linkonce.s2.*)
                0x000000000002265c                . = ALIGN (0x4)
                0x000000000002265c                _edata = ABSOLUTE (.)
                [!provide]                        PROVIDE (edata, ABSOLUTE (.))
                0x000000000002265c                PROVIDE (__ram_rwdata_end, ABSOLUTE (.))
                0x000000000002265c                PROVIDE (__flash_rwdata_start, LOADADDR (.rwdata))

.bss            0x0000000000022934      0x21c
                0x0000000000022934                __bss_start = ABSOLUTE (.)
                [!provide]                        PROVIDE (__sbss_start, ABSOLUTE (.))
                [!provide]                        PROVIDE (___sbss_start, ABSOLUTE (.))
 *(.dynsbss)
 *(.sbss .sbss.* .gnu.linkonce.sb.*)
 .sbss          0x0000000000022934        0xc ../rfid_test_bsp/\libhal_bsp.a(alt_main.o)
                0x0000000000022934                alt_argc
                0x0000000000022938                alt_argv
                0x000000000002293c                alt_envp
 .sbss          0x0000000000022940        0x4 c:/intelfpga_lite/18.1/nios2eds/bin/gnu/h-x86_64-mingw32/bin/../lib/gcc/nios2-elf/5.3.0/../../../../../H-x86_64-mingw32/nios2-elf/lib\libsmallc.a(lib_a-int_errno.o)
                0x0000000000022940                errno
 *(.sbss2 .sbss2.* .gnu.linkonce.sb2.*)
 *(.scommon)
                [!provide]                        PROVIDE (__sbss_end, ABSOLUTE (.))
                [!provide]                        PROVIDE (___sbss_end, ABSOLUTE (.))
 *(.dynbss)
 *(.bss .bss.* .gnu.linkonce.b.*)
 .bss           0x0000000000022944        0x0 ../rfid_test_bsp//obj/HAL/src/crt0.o
 .bss           0x0000000000022944        0x0 obj/default/hello_world.o
 .bss           0x0000000000022944        0x0 obj/default/helpers/commands/ack.o
 .bss           0x0000000000022944        0x0 obj/default/helpers/commands/kill.o
 .bss           0x0000000000022944        0x0 obj/default/helpers/commands/lock.o
 .bss           0x0000000000022944        0x0 obj/default/helpers/commands/nak.o
 .bss           0x0000000000022944        0x0 obj/default/helpers/commands/query.o
 .bss           0x0000000000022944        0x0 obj/default/helpers/commands/query_adjust.o
 .bss           0x0000000000022944        0x0 obj/default/helpers/commands/query_rep.o
 .bss           0x0000000000022944        0x0 obj/default/helpers/commands/read.o
 .bss           0x0000000000022944        0x0 obj/default/helpers/commands/req_rn.o
 .bss           0x0000000000022944        0x0 obj/default/helpers/commands/rn16.o
 .bss           0x0000000000022944        0x0 obj/default/helpers/commands/select.o
 .bss           0x0000000000022944        0x0 obj/default/helpers/commands/write.o
 .bss           0x0000000000022944        0x0 obj/default/helpers/crc.o
 .bss           0x0000000000022944        0x0 ../rfid_test_bsp/\libhal_bsp.a(alt_load.o)
 .bss           0x0000000000022944        0x0 ../rfid_test_bsp/\libhal_bsp.a(alt_main.o)
 .bss           0x0000000000022944        0x0 ../rfid_test_bsp/\libhal_bsp.a(alt_sys_init.o)
 .bss           0x0000000000022944        0x0 ../rfid_test_bsp/\libhal_bsp.a(altera_avalon_jtag_uart_fd.o)
 .bss           0x0000000000022944        0x0 ../rfid_test_bsp/\libhal_bsp.a(altera_avalon_jtag_uart_read.o)
 .bss           0x0000000000022944        0x0 ../rfid_test_bsp/\libhal_bsp.a(altera_avalon_jtag_uart_write.o)
 .bss           0x0000000000022944        0x0 ../rfid_test_bsp/\libhal_bsp.a(alt_close.o)
 .bss           0x0000000000022944        0x0 ../rfid_test_bsp/\libhal_bsp.a(alt_dcache_flush_all.o)
 .bss           0x0000000000022944        0x0 ../rfid_test_bsp/\libhal_bsp.a(alt_dev.o)
 .bss           0x0000000000022944        0x0 ../rfid_test_bsp/\libhal_bsp.a(alt_dev_llist_insert.o)
 .bss           0x0000000000022944        0x0 ../rfid_test_bsp/\libhal_bsp.a(alt_do_ctors.o)
 .bss           0x0000000000022944        0x0 ../rfid_test_bsp/\libhal_bsp.a(alt_do_dtors.o)
 .bss           0x0000000000022944        0x0 ../rfid_test_bsp/\libhal_bsp.a(alt_errno.o)
 .bss           0x0000000000022944        0x0 ../rfid_test_bsp/\libhal_bsp.a(alt_icache_flush_all.o)
 .bss           0x0000000000022944        0x0 ../rfid_test_bsp/\libhal_bsp.a(alt_release_fd.o)
 .bss           0x0000000000022944        0x0 ../rfid_test_bsp/\libhal_bsp.a(altera_nios2_gen2_irq.o)
 .bss           0x0000000000022944        0x0 ../rfid_test_bsp/\libhal_bsp.a(alt_icache_flush.o)
 .bss           0x0000000000022944        0x0 c:/intelfpga_lite/18.1/nios2eds/bin/gnu/h-x86_64-mingw32/bin/../lib/gcc/nios2-elf/5.3.0/../../../../../H-x86_64-mingw32/nios2-elf/lib\libsmallc.a(lib_a-atexit.o)
 .bss           0x0000000000022944        0x0 c:/intelfpga_lite/18.1/nios2eds/bin/gnu/h-x86_64-mingw32/bin/../lib/gcc/nios2-elf/5.3.0/../../../../../H-x86_64-mingw32/nios2-elf/lib\libsmallc.a(lib_a-exit.o)
 .bss           0x0000000000022944        0x0 c:/intelfpga_lite/18.1/nios2eds/bin/gnu/h-x86_64-mingw32/bin/../lib/gcc/nios2-elf/5.3.0/../../../../../H-x86_64-mingw32/nios2-elf/lib\libsmallc.a(lib_a-int_errno.o)
 .bss           0x0000000000022944        0x0 c:/intelfpga_lite/18.1/nios2eds/bin/gnu/h-x86_64-mingw32/bin/../lib/gcc/nios2-elf/5.3.0/../../../../../H-x86_64-mingw32/nios2-elf/lib\libsmallc.a(lib_a-__atexit.o)
 .bss           0x0000000000022944        0x0 c:/intelfpga_lite/18.1/nios2eds/bin/gnu/h-x86_64-mingw32/bin/../lib/gcc/nios2-elf/5.3.0/../../../../../H-x86_64-mingw32/nios2-elf/lib\libsmallc.a(lib_a-__call_atexit.o)
 .bss           0x0000000000022944        0x0 c:/intelfpga_lite/18.1/nios2eds/bin/gnu/h-x86_64-mingw32/bin/../lib/gcc/nios2-elf/5.3.0/../../../../../H-x86_64-mingw32/nios2-elf/lib\libsmallc.a(lib_a-impure.o)
 .bss           0x0000000000022944        0x0 ../rfid_test_bsp/\libhal_bsp.a(alt_exit.o)
 *(COMMON)
 COMMON         0x0000000000022944        0xc obj/default/hello_world.o
                0x0000000000022944                command_ack
 COMMON         0x0000000000022950      0x200 obj/default/helpers/crc.o
                0x0000000000022950                crc_table
                0x0000000000022b50                . = ALIGN (0x4)
                0x0000000000022b50                __bss_end = ABSOLUTE (.)

.onchip_memory2_0
                0x0000000000022b50        0x0
                [!provide]                        PROVIDE (_alt_partition_onchip_memory2_0_start, ABSOLUTE (.))
 *(.onchip_memory2_0 .onchip_memory2_0. onchip_memory2_0.*)
                0x0000000000022b50                . = ALIGN (0x4)
                [!provide]                        PROVIDE (_alt_partition_onchip_memory2_0_end, ABSOLUTE (.))
                0x0000000000022b50                _end = ABSOLUTE (.)
                0x0000000000022b50                end = ABSOLUTE (.)
                0x0000000000022b50                __alt_stack_base = ABSOLUTE (.)
                [!provide]                        PROVIDE (_alt_partition_onchip_memory2_0_load_addr, LOADADDR (.onchip_memory2_0))

.stab
 *(.stab)

.stabstr
 *(.stabstr)

.stab.excl
 *(.stab.excl)

.stab.exclstr
 *(.stab.exclstr)

.stab.index
 *(.stab.index)

.stab.indexstr
 *(.stab.indexstr)

.comment        0x0000000000000000       0x23
 *(.comment)
 .comment       0x0000000000000000       0x23 obj/default/hello_world.o
                                         0x24 (size before relaxing)
 .comment       0x0000000000000023       0x24 obj/default/helpers/commands/ack.o
 .comment       0x0000000000000023       0x24 obj/default/helpers/commands/kill.o
 .comment       0x0000000000000023       0x24 obj/default/helpers/commands/lock.o
 .comment       0x0000000000000023       0x24 obj/default/helpers/commands/nak.o
 .comment       0x0000000000000023       0x24 obj/default/helpers/commands/query.o
 .comment       0x0000000000000023       0x24 obj/default/helpers/commands/query_adjust.o
 .comment       0x0000000000000023       0x24 obj/default/helpers/commands/query_rep.o
 .comment       0x0000000000000023       0x24 obj/default/helpers/commands/read.o
 .comment       0x0000000000000023       0x24 obj/default/helpers/commands/req_rn.o
 .comment       0x0000000000000023       0x24 obj/default/helpers/commands/rn16.o
 .comment       0x0000000000000023       0x24 obj/default/helpers/commands/select.o
 .comment       0x0000000000000023       0x24 obj/default/helpers/commands/write.o
 .comment       0x0000000000000023       0x24 obj/default/helpers/crc.o
 .comment       0x0000000000000023       0x24 ../rfid_test_bsp/\libhal_bsp.a(alt_load.o)
 .comment       0x0000000000000023       0x24 ../rfid_test_bsp/\libhal_bsp.a(alt_main.o)
 .comment       0x0000000000000023       0x24 ../rfid_test_bsp/\libhal_bsp.a(alt_sys_init.o)
 .comment       0x0000000000000023       0x24 ../rfid_test_bsp/\libhal_bsp.a(altera_avalon_jtag_uart_fd.o)
 .comment       0x0000000000000023       0x24 ../rfid_test_bsp/\libhal_bsp.a(altera_avalon_jtag_uart_read.o)
 .comment       0x0000000000000023       0x24 ../rfid_test_bsp/\libhal_bsp.a(altera_avalon_jtag_uart_write.o)
 .comment       0x0000000000000023       0x24 ../rfid_test_bsp/\libhal_bsp.a(alt_close.o)
 .comment       0x0000000000000023       0x24 ../rfid_test_bsp/\libhal_bsp.a(alt_dcache_flush_all.o)
 .comment       0x0000000000000023       0x24 ../rfid_test_bsp/\libhal_bsp.a(alt_dev.o)
 .comment       0x0000000000000023       0x24 ../rfid_test_bsp/\libhal_bsp.a(alt_dev_llist_insert.o)
 .comment       0x0000000000000023       0x24 ../rfid_test_bsp/\libhal_bsp.a(alt_do_ctors.o)
 .comment       0x0000000000000023       0x24 ../rfid_test_bsp/\libhal_bsp.a(alt_do_dtors.o)
 .comment       0x0000000000000023       0x24 ../rfid_test_bsp/\libhal_bsp.a(alt_errno.o)
 .comment       0x0000000000000023       0x24 ../rfid_test_bsp/\libhal_bsp.a(alt_icache_flush_all.o)
 .comment       0x0000000000000023       0x24 ../rfid_test_bsp/\libhal_bsp.a(alt_release_fd.o)
 .comment       0x0000000000000023       0x24 ../rfid_test_bsp/\libhal_bsp.a(altera_nios2_gen2_irq.o)
 .comment       0x0000000000000023       0x24 ../rfid_test_bsp/\libhal_bsp.a(alt_icache_flush.o)
 .comment       0x0000000000000023       0x24 c:/intelfpga_lite/18.1/nios2eds/bin/gnu/h-x86_64-mingw32/bin/../lib/gcc/nios2-elf/5.3.0/../../../../../H-x86_64-mingw32/nios2-elf/lib\libsmallc.a(lib_a-atexit.o)
 .comment       0x0000000000000023       0x24 c:/intelfpga_lite/18.1/nios2eds/bin/gnu/h-x86_64-mingw32/bin/../lib/gcc/nios2-elf/5.3.0/../../../../../H-x86_64-mingw32/nios2-elf/lib\libsmallc.a(lib_a-exit.o)
 .comment       0x0000000000000023       0x24 c:/intelfpga_lite/18.1/nios2eds/bin/gnu/h-x86_64-mingw32/bin/../lib/gcc/nios2-elf/5.3.0/../../../../../H-x86_64-mingw32/nios2-elf/lib\libsmallc.a(lib_a-int_errno.o)
 .comment       0x0000000000000023       0x24 c:/intelfpga_lite/18.1/nios2eds/bin/gnu/h-x86_64-mingw32/bin/../lib/gcc/nios2-elf/5.3.0/../../../../../H-x86_64-mingw32/nios2-elf/lib\libsmallc.a(lib_a-__atexit.o)
 .comment       0x0000000000000023       0x24 c:/intelfpga_lite/18.1/nios2eds/bin/gnu/h-x86_64-mingw32/bin/../lib/gcc/nios2-elf/5.3.0/../../../../../H-x86_64-mingw32/nios2-elf/lib\libsmallc.a(lib_a-__call_atexit.o)
 .comment       0x0000000000000023       0x24 c:/intelfpga_lite/18.1/nios2eds/bin/gnu/h-x86_64-mingw32/bin/../lib/gcc/nios2-elf/5.3.0/../../../../../H-x86_64-mingw32/nios2-elf/lib\libsmallc.a(lib_a-impure.o)
 .comment       0x0000000000000023       0x24 ../rfid_test_bsp/\libhal_bsp.a(alt_exit.o)

.debug
 *(.debug)

.line
 *(.line)

.debug_srcinfo
 *(.debug_srcinfo)

.debug_sfnames
 *(.debug_sfnames)

.debug_aranges  0x0000000000000000      0x4d0
 *(.debug_aranges)
 .debug_aranges
                0x0000000000000000       0x28 ../rfid_test_bsp//obj/HAL/src/crt0.o
 .debug_aranges
                0x0000000000000028       0x20 obj/default/hello_world.o
 .debug_aranges
                0x0000000000000048       0x20 obj/default/helpers/commands/ack.o
 .debug_aranges
                0x0000000000000068       0x20 obj/default/helpers/commands/kill.o
 .debug_aranges
                0x0000000000000088       0x20 obj/default/helpers/commands/lock.o
 .debug_aranges
                0x00000000000000a8       0x20 obj/default/helpers/commands/nak.o
 .debug_aranges
                0x00000000000000c8       0x20 obj/default/helpers/commands/query.o
 .debug_aranges
                0x00000000000000e8       0x20 obj/default/helpers/commands/query_adjust.o
 .debug_aranges
                0x0000000000000108       0x20 obj/default/helpers/commands/query_rep.o
 .debug_aranges
                0x0000000000000128       0x20 obj/default/helpers/commands/read.o
 .debug_aranges
                0x0000000000000148       0x20 obj/default/helpers/commands/req_rn.o
 .debug_aranges
                0x0000000000000168       0x20 obj/default/helpers/commands/rn16.o
 .debug_aranges
                0x0000000000000188       0x20 obj/default/helpers/commands/select.o
 .debug_aranges
                0x00000000000001a8       0x20 obj/default/helpers/commands/write.o
 .debug_aranges
                0x00000000000001c8       0x20 obj/default/helpers/crc.o
 .debug_aranges
                0x00000000000001e8       0x20 ../rfid_test_bsp/\libhal_bsp.a(alt_load.o)
 .debug_aranges
                0x0000000000000208       0x20 ../rfid_test_bsp/\libhal_bsp.a(alt_main.o)
 .debug_aranges
                0x0000000000000228       0x20 ../rfid_test_bsp/\libhal_bsp.a(alt_sys_init.o)
 .debug_aranges
                0x0000000000000248       0x20 ../rfid_test_bsp/\libhal_bsp.a(altera_avalon_jtag_uart_fd.o)
 .debug_aranges
                0x0000000000000268       0x20 ../rfid_test_bsp/\libhal_bsp.a(altera_avalon_jtag_uart_read.o)
 .debug_aranges
                0x0000000000000288       0x20 ../rfid_test_bsp/\libhal_bsp.a(altera_avalon_jtag_uart_write.o)
 .debug_aranges
                0x00000000000002a8       0x20 ../rfid_test_bsp/\libhal_bsp.a(alt_close.o)
 .debug_aranges
                0x00000000000002c8       0x20 ../rfid_test_bsp/\libhal_bsp.a(alt_dcache_flush_all.o)
 .debug_aranges
                0x00000000000002e8       0x20 ../rfid_test_bsp/\libhal_bsp.a(alt_dev.o)
 .debug_aranges
                0x0000000000000308       0x20 ../rfid_test_bsp/\libhal_bsp.a(alt_dev_llist_insert.o)
 .debug_aranges
                0x0000000000000328       0x20 ../rfid_test_bsp/\libhal_bsp.a(alt_do_ctors.o)
 .debug_aranges
                0x0000000000000348       0x20 ../rfid_test_bsp/\libhal_bsp.a(alt_do_dtors.o)
 .debug_aranges
                0x0000000000000368       0x18 ../rfid_test_bsp/\libhal_bsp.a(alt_errno.o)
 .debug_aranges
                0x0000000000000380       0x20 ../rfid_test_bsp/\libhal_bsp.a(alt_icache_flush_all.o)
 .debug_aranges
                0x00000000000003a0       0x20 ../rfid_test_bsp/\libhal_bsp.a(alt_release_fd.o)
 .debug_aranges
                0x00000000000003c0       0x20 ../rfid_test_bsp/\libhal_bsp.a(altera_nios2_gen2_irq.o)
 .debug_aranges
                0x00000000000003e0       0x20 ../rfid_test_bsp/\libhal_bsp.a(alt_icache_flush.o)
 .debug_aranges
                0x0000000000000400       0x20 c:/intelfpga_lite/18.1/nios2eds/bin/gnu/h-x86_64-mingw32/bin/../lib/gcc/nios2-elf/5.3.0/../../../../../H-x86_64-mingw32/nios2-elf/lib\libsmallc.a(lib_a-atexit.o)
 .debug_aranges
                0x0000000000000420       0x20 c:/intelfpga_lite/18.1/nios2eds/bin/gnu/h-x86_64-mingw32/bin/../lib/gcc/nios2-elf/5.3.0/../../../../../H-x86_64-mingw32/nios2-elf/lib\libsmallc.a(lib_a-exit.o)
 .debug_aranges
                0x0000000000000440       0x18 c:/intelfpga_lite/18.1/nios2eds/bin/gnu/h-x86_64-mingw32/bin/../lib/gcc/nios2-elf/5.3.0/../../../../../H-x86_64-mingw32/nios2-elf/lib\libsmallc.a(lib_a-int_errno.o)
 .debug_aranges
                0x0000000000000458       0x20 c:/intelfpga_lite/18.1/nios2eds/bin/gnu/h-x86_64-mingw32/bin/../lib/gcc/nios2-elf/5.3.0/../../../../../H-x86_64-mingw32/nios2-elf/lib\libsmallc.a(lib_a-__atexit.o)
 .debug_aranges
                0x0000000000000478       0x20 c:/intelfpga_lite/18.1/nios2eds/bin/gnu/h-x86_64-mingw32/bin/../lib/gcc/nios2-elf/5.3.0/../../../../../H-x86_64-mingw32/nios2-elf/lib\libsmallc.a(lib_a-__call_atexit.o)
 .debug_aranges
                0x0000000000000498       0x18 c:/intelfpga_lite/18.1/nios2eds/bin/gnu/h-x86_64-mingw32/bin/../lib/gcc/nios2-elf/5.3.0/../../../../../H-x86_64-mingw32/nios2-elf/lib\libsmallc.a(lib_a-impure.o)
 .debug_aranges
                0x00000000000004b0       0x20 ../rfid_test_bsp/\libhal_bsp.a(alt_exit.o)

.debug_pubnames
 *(.debug_pubnames)

.debug_info     0x0000000000000000     0x45ed
 *(.debug_info .gnu.linkonce.wi.*)
 .debug_info    0x0000000000000000       0x8c ../rfid_test_bsp//obj/HAL/src/crt0.o
 .debug_info    0x000000000000008c      0x2c1 obj/default/hello_world.o
 .debug_info    0x000000000000034d      0x123 obj/default/helpers/commands/ack.o
 .debug_info    0x0000000000000470      0x12a obj/default/helpers/commands/kill.o
 .debug_info    0x000000000000059a      0x110 obj/default/helpers/commands/lock.o
 .debug_info    0x00000000000006aa      0x104 obj/default/helpers/commands/nak.o
 .debug_info    0x00000000000007ae      0x1ed obj/default/helpers/commands/query.o
 .debug_info    0x000000000000099b       0xf9 obj/default/helpers/commands/query_adjust.o
 .debug_info    0x0000000000000a94       0xd0 obj/default/helpers/commands/query_rep.o
 .debug_info    0x0000000000000b64      0x144 obj/default/helpers/commands/read.o
 .debug_info    0x0000000000000ca8      0x13c obj/default/helpers/commands/req_rn.o
 .debug_info    0x0000000000000de4       0x49 obj/default/helpers/commands/rn16.o
 .debug_info    0x0000000000000e2d      0x194 obj/default/helpers/commands/select.o
 .debug_info    0x0000000000000fc1      0x144 obj/default/helpers/commands/write.o
 .debug_info    0x0000000000001105      0x18d obj/default/helpers/crc.o
 .debug_info    0x0000000000001292      0x145 ../rfid_test_bsp/\libhal_bsp.a(alt_load.o)
 .debug_info    0x00000000000013d7      0x131 ../rfid_test_bsp/\libhal_bsp.a(alt_main.o)
 .debug_info    0x0000000000001508      0x3c9 ../rfid_test_bsp/\libhal_bsp.a(alt_sys_init.o)
 .debug_info    0x00000000000018d1      0x3a7 ../rfid_test_bsp/\libhal_bsp.a(altera_avalon_jtag_uart_fd.o)
 .debug_info    0x0000000000001c78      0x1b2 ../rfid_test_bsp/\libhal_bsp.a(altera_avalon_jtag_uart_read.o)
 .debug_info    0x0000000000001e2a      0x195 ../rfid_test_bsp/\libhal_bsp.a(altera_avalon_jtag_uart_write.o)
 .debug_info    0x0000000000001fbf      0x321 ../rfid_test_bsp/\libhal_bsp.a(alt_close.o)
 .debug_info    0x00000000000022e0       0xa5 ../rfid_test_bsp/\libhal_bsp.a(alt_dcache_flush_all.o)
 .debug_info    0x0000000000002385      0x49c ../rfid_test_bsp/\libhal_bsp.a(alt_dev.o)
 .debug_info    0x0000000000002821      0x1a9 ../rfid_test_bsp/\libhal_bsp.a(alt_dev_llist_insert.o)
 .debug_info    0x00000000000029ca       0x83 ../rfid_test_bsp/\libhal_bsp.a(alt_do_ctors.o)
 .debug_info    0x0000000000002a4d       0x83 ../rfid_test_bsp/\libhal_bsp.a(alt_do_dtors.o)
 .debug_info    0x0000000000002ad0       0xa6 ../rfid_test_bsp/\libhal_bsp.a(alt_errno.o)
 .debug_info    0x0000000000002b76       0x92 ../rfid_test_bsp/\libhal_bsp.a(alt_icache_flush_all.o)
 .debug_info    0x0000000000002c08      0x2b0 ../rfid_test_bsp/\libhal_bsp.a(alt_release_fd.o)
 .debug_info    0x0000000000002eb8       0x92 ../rfid_test_bsp/\libhal_bsp.a(altera_nios2_gen2_irq.o)
 .debug_info    0x0000000000002f4a       0xdc ../rfid_test_bsp/\libhal_bsp.a(alt_icache_flush.o)
 .debug_info    0x0000000000003026       0xfe c:/intelfpga_lite/18.1/nios2eds/bin/gnu/h-x86_64-mingw32/bin/../lib/gcc/nios2-elf/5.3.0/../../../../../H-x86_64-mingw32/nios2-elf/lib\libsmallc.a(lib_a-atexit.o)
 .debug_info    0x0000000000003124       0xe5 c:/intelfpga_lite/18.1/nios2eds/bin/gnu/h-x86_64-mingw32/bin/../lib/gcc/nios2-elf/5.3.0/../../../../../H-x86_64-mingw32/nios2-elf/lib\libsmallc.a(lib_a-exit.o)
 .debug_info    0x0000000000003209       0x8a c:/intelfpga_lite/18.1/nios2eds/bin/gnu/h-x86_64-mingw32/bin/../lib/gcc/nios2-elf/5.3.0/../../../../../H-x86_64-mingw32/nios2-elf/lib\libsmallc.a(lib_a-int_errno.o)
 .debug_info    0x0000000000003293      0x64a c:/intelfpga_lite/18.1/nios2eds/bin/gnu/h-x86_64-mingw32/bin/../lib/gcc/nios2-elf/5.3.0/../../../../../H-x86_64-mingw32/nios2-elf/lib\libsmallc.a(lib_a-__atexit.o)
 .debug_info    0x00000000000038dd      0x67b c:/intelfpga_lite/18.1/nios2eds/bin/gnu/h-x86_64-mingw32/bin/../lib/gcc/nios2-elf/5.3.0/../../../../../H-x86_64-mingw32/nios2-elf/lib\libsmallc.a(lib_a-__call_atexit.o)
 .debug_info    0x0000000000003f58      0x5a9 c:/intelfpga_lite/18.1/nios2eds/bin/gnu/h-x86_64-mingw32/bin/../lib/gcc/nios2-elf/5.3.0/../../../../../H-x86_64-mingw32/nios2-elf/lib\libsmallc.a(lib_a-impure.o)
 .debug_info    0x0000000000004501       0xec ../rfid_test_bsp/\libhal_bsp.a(alt_exit.o)

.debug_abbrev   0x0000000000000000     0x1d4a
 *(.debug_abbrev)
 .debug_abbrev  0x0000000000000000       0x12 ../rfid_test_bsp//obj/HAL/src/crt0.o
 .debug_abbrev  0x0000000000000012      0x11e obj/default/hello_world.o
 .debug_abbrev  0x0000000000000130       0xbf obj/default/helpers/commands/ack.o
 .debug_abbrev  0x00000000000001ef       0xb0 obj/default/helpers/commands/kill.o
 .debug_abbrev  0x000000000000029f       0xb0 obj/default/helpers/commands/lock.o
 .debug_abbrev  0x000000000000034f       0xb0 obj/default/helpers/commands/nak.o
 .debug_abbrev  0x00000000000003ff       0xf7 obj/default/helpers/commands/query.o
 .debug_abbrev  0x00000000000004f6       0xa1 obj/default/helpers/commands/query_adjust.o
 .debug_abbrev  0x0000000000000597       0x92 obj/default/helpers/commands/query_rep.o
 .debug_abbrev  0x0000000000000629       0xb0 obj/default/helpers/commands/read.o
 .debug_abbrev  0x00000000000006d9       0xe8 obj/default/helpers/commands/req_rn.o
 .debug_abbrev  0x00000000000007c1       0x39 obj/default/helpers/commands/rn16.o
 .debug_abbrev  0x00000000000007fa       0xb0 obj/default/helpers/commands/select.o
 .debug_abbrev  0x00000000000008aa       0xb0 obj/default/helpers/commands/write.o
 .debug_abbrev  0x000000000000095a       0xc4 obj/default/helpers/crc.o
 .debug_abbrev  0x0000000000000a1e       0x9f ../rfid_test_bsp/\libhal_bsp.a(alt_load.o)
 .debug_abbrev  0x0000000000000abd       0xba ../rfid_test_bsp/\libhal_bsp.a(alt_main.o)
 .debug_abbrev  0x0000000000000b77      0x157 ../rfid_test_bsp/\libhal_bsp.a(alt_sys_init.o)
 .debug_abbrev  0x0000000000000cce       0xf7 ../rfid_test_bsp/\libhal_bsp.a(altera_avalon_jtag_uart_fd.o)
 .debug_abbrev  0x0000000000000dc5       0xd5 ../rfid_test_bsp/\libhal_bsp.a(altera_avalon_jtag_uart_read.o)
 .debug_abbrev  0x0000000000000e9a       0xd5 ../rfid_test_bsp/\libhal_bsp.a(altera_avalon_jtag_uart_write.o)
 .debug_abbrev  0x0000000000000f6f      0x11f ../rfid_test_bsp/\libhal_bsp.a(alt_close.o)
 .debug_abbrev  0x000000000000108e       0x5a ../rfid_test_bsp/\libhal_bsp.a(alt_dcache_flush_all.o)
 .debug_abbrev  0x00000000000010e8       0xd9 ../rfid_test_bsp/\libhal_bsp.a(alt_dev.o)
 .debug_abbrev  0x00000000000011c1      0x114 ../rfid_test_bsp/\libhal_bsp.a(alt_dev_llist_insert.o)
 .debug_abbrev  0x00000000000012d5       0x79 ../rfid_test_bsp/\libhal_bsp.a(alt_do_ctors.o)
 .debug_abbrev  0x000000000000134e       0x79 ../rfid_test_bsp/\libhal_bsp.a(alt_do_dtors.o)
 .debug_abbrev  0x00000000000013c7       0x5a ../rfid_test_bsp/\libhal_bsp.a(alt_errno.o)
 .debug_abbrev  0x0000000000001421       0x42 ../rfid_test_bsp/\libhal_bsp.a(alt_icache_flush_all.o)
 .debug_abbrev  0x0000000000001463       0xde ../rfid_test_bsp/\libhal_bsp.a(alt_release_fd.o)
 .debug_abbrev  0x0000000000001541       0x42 ../rfid_test_bsp/\libhal_bsp.a(altera_nios2_gen2_irq.o)
 .debug_abbrev  0x0000000000001583       0x8c ../rfid_test_bsp/\libhal_bsp.a(alt_icache_flush.o)
 .debug_abbrev  0x000000000000160f       0xaa c:/intelfpga_lite/18.1/nios2eds/bin/gnu/h-x86_64-mingw32/bin/../lib/gcc/nios2-elf/5.3.0/../../../../../H-x86_64-mingw32/nios2-elf/lib\libsmallc.a(lib_a-atexit.o)
 .debug_abbrev  0x00000000000016b9       0x8b c:/intelfpga_lite/18.1/nios2eds/bin/gnu/h-x86_64-mingw32/bin/../lib/gcc/nios2-elf/5.3.0/../../../../../H-x86_64-mingw32/nios2-elf/lib\libsmallc.a(lib_a-exit.o)
 .debug_abbrev  0x0000000000001744       0x37 c:/intelfpga_lite/18.1/nios2eds/bin/gnu/h-x86_64-mingw32/bin/../lib/gcc/nios2-elf/5.3.0/../../../../../H-x86_64-mingw32/nios2-elf/lib\libsmallc.a(lib_a-int_errno.o)
 .debug_abbrev  0x000000000000177b      0x1e6 c:/intelfpga_lite/18.1/nios2eds/bin/gnu/h-x86_64-mingw32/bin/../lib/gcc/nios2-elf/5.3.0/../../../../../H-x86_64-mingw32/nios2-elf/lib\libsmallc.a(lib_a-__atexit.o)
 .debug_abbrev  0x0000000000001961      0x1f6 c:/intelfpga_lite/18.1/nios2eds/bin/gnu/h-x86_64-mingw32/bin/../lib/gcc/nios2-elf/5.3.0/../../../../../H-x86_64-mingw32/nios2-elf/lib\libsmallc.a(lib_a-__call_atexit.o)
 .debug_abbrev  0x0000000000001b57      0x14a c:/intelfpga_lite/18.1/nios2eds/bin/gnu/h-x86_64-mingw32/bin/../lib/gcc/nios2-elf/5.3.0/../../../../../H-x86_64-mingw32/nios2-elf/lib\libsmallc.a(lib_a-impure.o)
 .debug_abbrev  0x0000000000001ca1       0xa9 ../rfid_test_bsp/\libhal_bsp.a(alt_exit.o)

.debug_line     0x0000000000000000     0x1c2d
 *(.debug_line)
 .debug_line    0x0000000000000000       0x5c ../rfid_test_bsp//obj/HAL/src/crt0.o
 .debug_line    0x000000000000005c      0x1ab obj/default/hello_world.o
 .debug_line    0x0000000000000207       0x65 obj/default/helpers/commands/ack.o
 .debug_line    0x000000000000026c       0x6a obj/default/helpers/commands/kill.o
 .debug_line    0x00000000000002d6       0x66 obj/default/helpers/commands/lock.o
 .debug_line    0x000000000000033c       0x5e obj/default/helpers/commands/nak.o
 .debug_line    0x000000000000039a       0x8e obj/default/helpers/commands/query.o
 .debug_line    0x0000000000000428       0x71 obj/default/helpers/commands/query_adjust.o
 .debug_line    0x0000000000000499       0x67 obj/default/helpers/commands/query_rep.o
 .debug_line    0x0000000000000500       0x6e obj/default/helpers/commands/read.o
 .debug_line    0x000000000000056e       0x82 obj/default/helpers/commands/req_rn.o
 .debug_line    0x00000000000005f0       0x47 obj/default/helpers/commands/rn16.o
 .debug_line    0x0000000000000637       0x7e obj/default/helpers/commands/select.o
 .debug_line    0x00000000000006b5       0x70 obj/default/helpers/commands/write.o
 .debug_line    0x0000000000000725       0xbd obj/default/helpers/crc.o
 .debug_line    0x00000000000007e2       0x8e ../rfid_test_bsp/\libhal_bsp.a(alt_load.o)
 .debug_line    0x0000000000000870       0xa0 ../rfid_test_bsp/\libhal_bsp.a(alt_main.o)
 .debug_line    0x0000000000000910      0x127 ../rfid_test_bsp/\libhal_bsp.a(alt_sys_init.o)
 .debug_line    0x0000000000000a37      0x112 ../rfid_test_bsp/\libhal_bsp.a(altera_avalon_jtag_uart_fd.o)
 .debug_line    0x0000000000000b49       0xfd ../rfid_test_bsp/\libhal_bsp.a(altera_avalon_jtag_uart_read.o)
 .debug_line    0x0000000000000c46       0xf4 ../rfid_test_bsp/\libhal_bsp.a(altera_avalon_jtag_uart_write.o)
 .debug_line    0x0000000000000d3a      0x165 ../rfid_test_bsp/\libhal_bsp.a(alt_close.o)
 .debug_line    0x0000000000000e9f       0x61 ../rfid_test_bsp/\libhal_bsp.a(alt_dcache_flush_all.o)
 .debug_line    0x0000000000000f00       0xf8 ../rfid_test_bsp/\libhal_bsp.a(alt_dev.o)
 .debug_line    0x0000000000000ff8       0xcf ../rfid_test_bsp/\libhal_bsp.a(alt_dev_llist_insert.o)
 .debug_line    0x00000000000010c7       0x59 ../rfid_test_bsp/\libhal_bsp.a(alt_do_ctors.o)
 .debug_line    0x0000000000001120       0x59 ../rfid_test_bsp/\libhal_bsp.a(alt_do_dtors.o)
 .debug_line    0x0000000000001179       0x51 ../rfid_test_bsp/\libhal_bsp.a(alt_errno.o)
 .debug_line    0x00000000000011ca       0x50 ../rfid_test_bsp/\libhal_bsp.a(alt_icache_flush_all.o)
 .debug_line    0x000000000000121a       0xae ../rfid_test_bsp/\libhal_bsp.a(alt_release_fd.o)
 .debug_line    0x00000000000012c8       0x51 ../rfid_test_bsp/\libhal_bsp.a(altera_nios2_gen2_irq.o)
 .debug_line    0x0000000000001319       0x81 ../rfid_test_bsp/\libhal_bsp.a(alt_icache_flush.o)
 .debug_line    0x000000000000139a       0xe4 c:/intelfpga_lite/18.1/nios2eds/bin/gnu/h-x86_64-mingw32/bin/../lib/gcc/nios2-elf/5.3.0/../../../../../H-x86_64-mingw32/nios2-elf/lib\libsmallc.a(lib_a-atexit.o)
 .debug_line    0x000000000000147e      0x156 c:/intelfpga_lite/18.1/nios2eds/bin/gnu/h-x86_64-mingw32/bin/../lib/gcc/nios2-elf/5.3.0/../../../../../H-x86_64-mingw32/nios2-elf/lib\libsmallc.a(lib_a-exit.o)
 .debug_line    0x00000000000015d4       0x5c c:/intelfpga_lite/18.1/nios2eds/bin/gnu/h-x86_64-mingw32/bin/../lib/gcc/nios2-elf/5.3.0/../../../../../H-x86_64-mingw32/nios2-elf/lib\libsmallc.a(lib_a-int_errno.o)
 .debug_line    0x0000000000001630      0x20a c:/intelfpga_lite/18.1/nios2eds/bin/gnu/h-x86_64-mingw32/bin/../lib/gcc/nios2-elf/5.3.0/../../../../../H-x86_64-mingw32/nios2-elf/lib\libsmallc.a(lib_a-__atexit.o)
 .debug_line    0x000000000000183a      0x22f c:/intelfpga_lite/18.1/nios2eds/bin/gnu/h-x86_64-mingw32/bin/../lib/gcc/nios2-elf/5.3.0/../../../../../H-x86_64-mingw32/nios2-elf/lib\libsmallc.a(lib_a-__call_atexit.o)
 .debug_line    0x0000000000001a69      0x153 c:/intelfpga_lite/18.1/nios2eds/bin/gnu/h-x86_64-mingw32/bin/../lib/gcc/nios2-elf/5.3.0/../../../../../H-x86_64-mingw32/nios2-elf/lib\libsmallc.a(lib_a-impure.o)
 .debug_line    0x0000000000001bbc       0x71 ../rfid_test_bsp/\libhal_bsp.a(alt_exit.o)

.debug_frame    0x0000000000000000      0xb24
 *(.debug_frame)
 .debug_frame   0x0000000000000000       0x8c obj/default/hello_world.o
 .debug_frame   0x000000000000008c       0x7c obj/default/helpers/commands/ack.o
 .debug_frame   0x0000000000000108       0x58 obj/default/helpers/commands/kill.o
 .debug_frame   0x0000000000000160       0x58 obj/default/helpers/commands/lock.o
 .debug_frame   0x00000000000001b8       0x7c obj/default/helpers/commands/nak.o
 .debug_frame   0x0000000000000234       0x84 obj/default/helpers/commands/query.o
 .debug_frame   0x00000000000002b8       0x58 obj/default/helpers/commands/query_adjust.o
 .debug_frame   0x0000000000000310       0x58 obj/default/helpers/commands/query_rep.o
 .debug_frame   0x0000000000000368       0x58 obj/default/helpers/commands/read.o
 .debug_frame   0x00000000000003c0       0xb0 obj/default/helpers/commands/req_rn.o
 .debug_frame   0x0000000000000470       0x34 obj/default/helpers/commands/rn16.o
 .debug_frame   0x00000000000004a4       0x58 obj/default/helpers/commands/select.o
 .debug_frame   0x00000000000004fc       0x58 obj/default/helpers/commands/write.o
 .debug_frame   0x0000000000000554       0x7c obj/default/helpers/crc.o
 .debug_frame   0x00000000000005d0       0x5c ../rfid_test_bsp/\libhal_bsp.a(alt_load.o)
 .debug_frame   0x000000000000062c       0x2c ../rfid_test_bsp/\libhal_bsp.a(alt_main.o)
 .debug_frame   0x0000000000000658       0x88 ../rfid_test_bsp/\libhal_bsp.a(alt_sys_init.o)
 .debug_frame   0x00000000000006e0       0x60 ../rfid_test_bsp/\libhal_bsp.a(altera_avalon_jtag_uart_fd.o)
 .debug_frame   0x0000000000000740       0x34 ../rfid_test_bsp/\libhal_bsp.a(altera_avalon_jtag_uart_read.o)
 .debug_frame   0x0000000000000774       0x34 ../rfid_test_bsp/\libhal_bsp.a(altera_avalon_jtag_uart_write.o)
 .debug_frame   0x00000000000007a8       0x60 ../rfid_test_bsp/\libhal_bsp.a(alt_close.o)
 .debug_frame   0x0000000000000808       0x34 ../rfid_test_bsp/\libhal_bsp.a(alt_dcache_flush_all.o)
 .debug_frame   0x000000000000083c       0x34 ../rfid_test_bsp/\libhal_bsp.a(alt_dev.o)
 .debug_frame   0x0000000000000870       0x60 ../rfid_test_bsp/\libhal_bsp.a(alt_dev_llist_insert.o)
 .debug_frame   0x00000000000008d0       0x38 ../rfid_test_bsp/\libhal_bsp.a(alt_do_ctors.o)
 .debug_frame   0x0000000000000908       0x38 ../rfid_test_bsp/\libhal_bsp.a(alt_do_dtors.o)
 .debug_frame   0x0000000000000940       0x38 ../rfid_test_bsp/\libhal_bsp.a(alt_icache_flush_all.o)
 .debug_frame   0x0000000000000978       0x34 ../rfid_test_bsp/\libhal_bsp.a(alt_release_fd.o)
 .debug_frame   0x00000000000009ac       0x34 ../rfid_test_bsp/\libhal_bsp.a(altera_nios2_gen2_irq.o)
 .debug_frame   0x00000000000009e0       0x34 ../rfid_test_bsp/\libhal_bsp.a(alt_icache_flush.o)
 .debug_frame   0x0000000000000a14       0x20 c:/intelfpga_lite/18.1/nios2eds/bin/gnu/h-x86_64-mingw32/bin/../lib/gcc/nios2-elf/5.3.0/../../../../../H-x86_64-mingw32/nios2-elf/lib\libsmallc.a(lib_a-atexit.o)
 .debug_frame   0x0000000000000a34       0x28 c:/intelfpga_lite/18.1/nios2eds/bin/gnu/h-x86_64-mingw32/bin/../lib/gcc/nios2-elf/5.3.0/../../../../../H-x86_64-mingw32/nios2-elf/lib\libsmallc.a(lib_a-exit.o)
 .debug_frame   0x0000000000000a5c       0x48 c:/intelfpga_lite/18.1/nios2eds/bin/gnu/h-x86_64-mingw32/bin/../lib/gcc/nios2-elf/5.3.0/../../../../../H-x86_64-mingw32/nios2-elf/lib\libsmallc.a(lib_a-__atexit.o)
 .debug_frame   0x0000000000000aa4       0x54 c:/intelfpga_lite/18.1/nios2eds/bin/gnu/h-x86_64-mingw32/bin/../lib/gcc/nios2-elf/5.3.0/../../../../../H-x86_64-mingw32/nios2-elf/lib\libsmallc.a(lib_a-__call_atexit.o)
 .debug_frame   0x0000000000000af8       0x2c ../rfid_test_bsp/\libhal_bsp.a(alt_exit.o)

.debug_str      0x0000000000000000     0x1394
 *(.debug_str)
 .debug_str     0x0000000000000000      0x1e5 obj/default/hello_world.o
                                        0x238 (size before relaxing)
 .debug_str     0x00000000000001e5       0x98 obj/default/helpers/commands/ack.o
                                        0x137 (size before relaxing)
 .debug_str     0x000000000000027d       0x3b obj/default/helpers/commands/kill.o
                                        0x12e (size before relaxing)
 .debug_str     0x00000000000002b8       0x35 obj/default/helpers/commands/lock.o
                                        0x12d (size before relaxing)
 .debug_str     0x00000000000002ed       0x37 obj/default/helpers/commands/nak.o
                                        0x129 (size before relaxing)
 .debug_str     0x0000000000000324       0x5f obj/default/helpers/commands/query.o
                                        0x15f (size before relaxing)
 .debug_str     0x0000000000000383       0x59 obj/default/helpers/commands/query_adjust.o
                                        0x12f (size before relaxing)
 .debug_str     0x00000000000003dc       0x46 obj/default/helpers/commands/query_rep.o
                                        0x11c (size before relaxing)
 .debug_str     0x0000000000000422       0x4a obj/default/helpers/commands/read.o
                                        0x142 (size before relaxing)
 .debug_str     0x000000000000046c       0x4a obj/default/helpers/commands/req_rn.o
                                        0x14f (size before relaxing)
 .debug_str     0x00000000000004b6       0x26 obj/default/helpers/commands/rn16.o
                                         0xe0 (size before relaxing)
 .debug_str     0x00000000000004dc       0x64 obj/default/helpers/commands/select.o
                                        0x16c (size before relaxing)
 .debug_str     0x0000000000000540       0x30 obj/default/helpers/commands/write.o
                                        0x140 (size before relaxing)
 .debug_str     0x0000000000000570       0x7e obj/default/helpers/crc.o
                                        0x150 (size before relaxing)
 .debug_str     0x00000000000005ee      0x155 ../rfid_test_bsp/\libhal_bsp.a(alt_load.o)
                                        0x22d (size before relaxing)
 .debug_str     0x0000000000000743       0x70 ../rfid_test_bsp/\libhal_bsp.a(alt_main.o)
                                        0x1b8 (size before relaxing)
 .debug_str     0x00000000000007b3      0x157 ../rfid_test_bsp/\libhal_bsp.a(alt_sys_init.o)
                                        0x2ef (size before relaxing)
 .debug_str     0x000000000000090a       0x77 ../rfid_test_bsp/\libhal_bsp.a(altera_avalon_jtag_uart_fd.o)
                                        0x2f0 (size before relaxing)
 .debug_str     0x0000000000000981       0x48 ../rfid_test_bsp/\libhal_bsp.a(altera_avalon_jtag_uart_read.o)
                                        0x23a (size before relaxing)
 .debug_str     0x00000000000009c9       0x4a ../rfid_test_bsp/\libhal_bsp.a(altera_avalon_jtag_uart_write.o)
                                        0x230 (size before relaxing)
 .debug_str     0x0000000000000a13       0x44 ../rfid_test_bsp/\libhal_bsp.a(alt_close.o)
                                        0x226 (size before relaxing)
 .debug_str     0x0000000000000a57       0x34 ../rfid_test_bsp/\libhal_bsp.a(alt_dcache_flush_all.o)
                                        0x170 (size before relaxing)
 .debug_str     0x0000000000000a8b      0x120 ../rfid_test_bsp/\libhal_bsp.a(alt_dev.o)
                                        0x320 (size before relaxing)
 .debug_str     0x0000000000000bab       0x4b ../rfid_test_bsp/\libhal_bsp.a(alt_dev_llist_insert.o)
                                        0x1e7 (size before relaxing)
 .debug_str     0x0000000000000bf6       0x48 ../rfid_test_bsp/\libhal_bsp.a(alt_do_ctors.o)
                                         0xeb (size before relaxing)
 .debug_str     0x0000000000000c3e       0x4c ../rfid_test_bsp/\libhal_bsp.a(alt_do_dtors.o)
                                         0xea (size before relaxing)
 .debug_str     0x0000000000000c8a       0x14 ../rfid_test_bsp/\libhal_bsp.a(alt_errno.o)
                                        0x160 (size before relaxing)
 .debug_str     0x0000000000000c9e       0x34 ../rfid_test_bsp/\libhal_bsp.a(alt_icache_flush_all.o)
                                        0x170 (size before relaxing)
 .debug_str     0x0000000000000cd2       0x28 ../rfid_test_bsp/\libhal_bsp.a(alt_release_fd.o)
                                        0x1ee (size before relaxing)
 .debug_str     0x0000000000000cfa       0x3b ../rfid_test_bsp/\libhal_bsp.a(altera_nios2_gen2_irq.o)
                                        0x177 (size before relaxing)
 .debug_str     0x0000000000000d35       0x2c ../rfid_test_bsp/\libhal_bsp.a(alt_icache_flush.o)
                                        0x176 (size before relaxing)
 .debug_str     0x0000000000000d61      0x15d c:/intelfpga_lite/18.1/nios2eds/bin/gnu/h-x86_64-mingw32/bin/../lib/gcc/nios2-elf/5.3.0/../../../../../H-x86_64-mingw32/nios2-elf/lib\libsmallc.a(lib_a-atexit.o)
                                        0x202 (size before relaxing)
 .debug_str     0x0000000000000ebe       0x4f c:/intelfpga_lite/18.1/nios2eds/bin/gnu/h-x86_64-mingw32/bin/../lib/gcc/nios2-elf/5.3.0/../../../../../H-x86_64-mingw32/nios2-elf/lib\libsmallc.a(lib_a-exit.o)
                                        0x1d6 (size before relaxing)
 .debug_str     0x0000000000000f0d       0xc5 c:/intelfpga_lite/18.1/nios2eds/bin/gnu/h-x86_64-mingw32/bin/../lib/gcc/nios2-elf/5.3.0/../../../../../H-x86_64-mingw32/nios2-elf/lib\libsmallc.a(lib_a-int_errno.o)
                                        0x1be (size before relaxing)
 .debug_str     0x0000000000000fd2      0x2f1 c:/intelfpga_lite/18.1/nios2eds/bin/gnu/h-x86_64-mingw32/bin/../lib/gcc/nios2-elf/5.3.0/../../../../../H-x86_64-mingw32/nios2-elf/lib\libsmallc.a(lib_a-__atexit.o)
                                        0x4e5 (size before relaxing)
 .debug_str     0x00000000000012c3       0x62 c:/intelfpga_lite/18.1/nios2eds/bin/gnu/h-x86_64-mingw32/bin/../lib/gcc/nios2-elf/5.3.0/../../../../../H-x86_64-mingw32/nios2-elf/lib\libsmallc.a(lib_a-__call_atexit.o)
                                        0x4d1 (size before relaxing)
 .debug_str     0x0000000000001325       0x45 c:/intelfpga_lite/18.1/nios2eds/bin/gnu/h-x86_64-mingw32/bin/../lib/gcc/nios2-elf/5.3.0/../../../../../H-x86_64-mingw32/nios2-elf/lib\libsmallc.a(lib_a-impure.o)
                                        0x4a4 (size before relaxing)
 .debug_str     0x000000000000136a       0x2a ../rfid_test_bsp/\libhal_bsp.a(alt_exit.o)
                                        0x16c (size before relaxing)

.debug_loc      0x0000000000000000      0x361
 *(.debug_loc)
 .debug_loc     0x0000000000000000       0x2c c:/intelfpga_lite/18.1/nios2eds/bin/gnu/h-x86_64-mingw32/bin/../lib/gcc/nios2-elf/5.3.0/../../../../../H-x86_64-mingw32/nios2-elf/lib\libsmallc.a(lib_a-atexit.o)
 .debug_loc     0x000000000000002c       0x1e c:/intelfpga_lite/18.1/nios2eds/bin/gnu/h-x86_64-mingw32/bin/../lib/gcc/nios2-elf/5.3.0/../../../../../H-x86_64-mingw32/nios2-elf/lib\libsmallc.a(lib_a-exit.o)
 .debug_loc     0x000000000000004a      0x1c0 c:/intelfpga_lite/18.1/nios2eds/bin/gnu/h-x86_64-mingw32/bin/../lib/gcc/nios2-elf/5.3.0/../../../../../H-x86_64-mingw32/nios2-elf/lib\libsmallc.a(lib_a-__atexit.o)
 .debug_loc     0x000000000000020a      0x157 c:/intelfpga_lite/18.1/nios2eds/bin/gnu/h-x86_64-mingw32/bin/../lib/gcc/nios2-elf/5.3.0/../../../../../H-x86_64-mingw32/nios2-elf/lib\libsmallc.a(lib_a-__call_atexit.o)

.debug_macinfo
 *(.debug_macinfo)

.debug_weaknames
 *(.debug_weaknames)

.debug_funcnames
 *(.debug_funcnames)

.debug_typenames
 *(.debug_typenames)

.debug_varnames
 *(.debug_varnames)

.debug_alt_sim_info
 *(.debug_alt_sim_info)
                0x000000000003c200                __alt_data_end = 0x3c200
                0x000000000003c200                PROVIDE (__alt_stack_pointer, __alt_data_end)
                [!provide]                        PROVIDE (__alt_stack_limit, __alt_stack_base)
                [!provide]                        PROVIDE (__alt_heap_start, end)
                [!provide]                        PROVIDE (__alt_heap_limit, 0x3c200)
OUTPUT(RUN_ON_HDL_SIMULATOR_ONLY_rfid_test.elf elf32-littlenios2)

.debug_ranges   0x0000000000000000       0x90
 .debug_ranges  0x0000000000000000       0x20 ../rfid_test_bsp//obj/HAL/src/crt0.o
 .debug_ranges  0x0000000000000020       0x18 ../rfid_test_bsp/\libhal_bsp.a(altera_avalon_jtag_uart_read.o)
 .debug_ranges  0x0000000000000038       0x10 c:/intelfpga_lite/18.1/nios2eds/bin/gnu/h-x86_64-mingw32/bin/../lib/gcc/nios2-elf/5.3.0/../../../../../H-x86_64-mingw32/nios2-elf/lib\libsmallc.a(lib_a-atexit.o)
 .debug_ranges  0x0000000000000048       0x10 c:/intelfpga_lite/18.1/nios2eds/bin/gnu/h-x86_64-mingw32/bin/../lib/gcc/nios2-elf/5.3.0/../../../../../H-x86_64-mingw32/nios2-elf/lib\libsmallc.a(lib_a-exit.o)
 .debug_ranges  0x0000000000000058       0x10 c:/intelfpga_lite/18.1/nios2eds/bin/gnu/h-x86_64-mingw32/bin/../lib/gcc/nios2-elf/5.3.0/../../../../../H-x86_64-mingw32/nios2-elf/lib\libsmallc.a(lib_a-__atexit.o)
 .debug_ranges  0x0000000000000068       0x28 c:/intelfpga_lite/18.1/nios2eds/bin/gnu/h-x86_64-mingw32/bin/../lib/gcc/nios2-elf/5.3.0/../../../../../H-x86_64-mingw32/nios2-elf/lib\libsmallc.a(lib_a-__call_atexit.o)
